
> partyplan@1.0.0 test
> jest

PASS src/components/__tests__/QuickActionChip.test.tsx
PASS src/components/__tests__/FestivalFeedCard.test.tsx
PASS src/components/__tests__/MyFestivalCard.test.tsx
PASS src/components/__tests__/SquadCard.test.tsx
PASS src/components/__tests__/ToggleSwitch.test.tsx
PASS src/components/__tests__/SettingItem.test.tsx
PASS src/screens/__tests__/HomeScreen.test.tsx
PASS src/__tests__/accessibility.test.tsx
PASS src/screens/__tests__/ProfileScreen.test.tsx
  ● Console

    console.log
      Navigate to personal information

      at log (src/screens/ProfileScreen.tsx:24:13)

    console.log
      Navigate to help & FAQ

      at log (src/screens/ProfileScreen.tsx:29:13)

    console.log
      Navigate to contact support

      at log (src/screens/ProfileScreen.tsx:34:13)

    console.log
      Sign out

      at log (src/screens/ProfileScreen.tsx:39:13)

    console.log
      Open privacy

      at log (src/screens/ProfileScreen.tsx:44:13)

    console.log
      Open terms

      at log (src/screens/ProfileScreen.tsx:49:13)

    console.log
      Open about

      at log (src/screens/ProfileScreen.tsx:54:13)

PASS src/__tests__/performance.test.tsx
PASS src/screens/__tests__/PlansScreen.test.tsx

Test Suites: 11 passed, 11 total
Tests:       121 passed, 121 total
Snapshots:   0 total
Time:        8.048 s
Ran all test suites.
